�� 
 >   r e a c t - v i t e - t a i l w i n d @ 0 . 0 . 0   b u i l d  
 >   v i t e   b u i l d  
  
  [ 3 6 m v i t e   v 7 . 2 . 4    [ 3 2 m b u i l d i n g   c l i e n t   e n v i r o n m e n t   f o r   p r o d u c t i o n . . .  [ 3 6 m  [ 3 9 m  
 t r a n s f o r m i n g . . .  
 n o d e . e x e   :   F o u n d   1    
 w a r n i n g   w h i l e    
 o p t i m i z i n g   g e n e r a t e d    
 C S S :  
 A t   l i n e : 1   c h a r : 1  
 +   &   " C : \ P r o g r a m    
 F i l e s \ n o d e j s / n o d e . e x e "    
 " C : \ P r o g r a m    
 F i l e s \ n o d e j s / n o d e _ m o    
 . . .  
 +   ~ ~ ~ ~ ~ ~ ~ ~ ~ ~ ~ ~ ~ ~ ~ ~ ~ ~ ~ ~ ~  
 ~ ~ ~ ~ ~ ~ ~ ~ ~ ~ ~ ~ ~ ~ ~ ~ ~ ~ ~ ~ ~ ~ ~  
 ~ ~ ~ ~ ~ ~ ~ ~ ~ ~ ~ ~ ~ ~ ~ ~ ~ ~ ~ ~ ~ ~ ~  
 ~ ~  
         +   C a t e g o r y I n f o            
                   :   N o t S p e c i f i      
     e d :   ( F o u n d   1   w a r n i        
   n g . . .   g e n e r a t e d   C S          
 S : : S t r i n g )   [ ] ,   R e m          
 o t e E x c e p t i o n  
         +   F u l l y Q u a l i f i e d E r    
       r o r I d   :   N a t i v e C o m m      
     a n d E r r o r  
    
  
  [ 2 m �� �       }  [ 2 2 m  
  [ 2 m �� �   }  [ 2 2 m  
  [ 2 m �� �  [ 2 2 m   @ i m p o r t   u r  
 l ( ' h t t p s : / / f o n t s . g o o g l e  
 a p i s . c o m / c s s 2 ? f a m i l y = I n  
 t e r : w g h t @ 4 0 0 ; 5 0 0 ; 6 0 0 ; 7 0  
 0 ; 8 0 0 ; 9 0 0 & f a m i l y = O u t f i t  
 : w g h t @ 4 0 0 ; 5 0 0 ; 6 0 0 ; 7 0 0 ; 8  
 0 0 ; 9 0 0 & f a m i l y = P l a y f a i r +  
 D i s p l a y : i t a l , w g h t @ 0 , 4 0 0  
 ; 0 , 6 0 0 ; 0 , 7 0 0 ; 1 , 4 0 0 & f a m i  
 l y = S p a c e + G r o t e s k : w g h t @ 4  
 0 0 ; 5 0 0 ; 6 0 0 ; 7 0 0 & f a m i l y = P  
 o p p i n s : w g h t @ 4 0 0 ; 5 0 0 ; 6 0 0  
 ; 7 0 0 & f a m i l y = D M + S a n s : w g h  
 t @ 4 0 0 ; 5 0 0 ; 7 0 0 & d i s p l a y = s  
 w a p ' ) ;  
  [ 2 m �� �  [ 2 2 m                  
  [ 3 3 m  [ 2 m ^ - -  [ 2 2 m    
 @ i m p o r t   r u l e s   m u s t    
 p r e c e d e   a l l   r u l e s    
 a s i d e   f r o m   @ c h a r s e t    
 a n d   @ l a y e r    
 s t a t e m e n t s  [ 3 9 m  
  [ 2 m �� �  [ 2 2 m  
  [ 2 m �� �   *   {  [ 2 2 m  
  [ 2 m �� �       m a r g i n :    
 0 ;  [ 2 2 m  
  
  [ 3 2 m �� �  [ 3 9 m   1 6 4 0   m o d u l e s   t r a n s f o r m e d .  
 r e n d e r i n g   c h u n k s . . .  
 c o m p u t i n g   g z i p   s i z e . . .  
  [ 2 m d i s t /  [ 2 2 m  [ 3 2 m r e g i s t e r S W . j s                                                [ 3 9 m  [ 1 m  [ 2 m         0 . 1 3   k B  [ 2 2 m  [ 1 m  [ 2 2 m  
  [ 2 m d i s t /  [ 2 2 m  [ 3 2 m m a n i f e s t . w e b m a n i f e s t                                  [ 3 9 m  [ 1 m  [ 2 m         0 . 3 4   k B  [ 2 2 m  [ 1 m  [ 2 2 m  
  [ 2 m d i s t /  [ 2 2 m  [ 3 2 m i n d e x . h t m l                                                      [ 3 9 m  [ 1 m  [ 2 m         1 . 4 4   k B  [ 2 2 m  [ 1 m  [ 2 2 m  [ 2 m   �� �   g z i p :       0 . 7 3   k B  [ 2 2 m  
  [ 2 m d i s t /  [ 2 2 m  [ 3 5 m a s s e t s / i n d e x - B L B s D A o 8 . c s s                        [ 3 9 m  [ 1 m  [ 2 m     5 0 9 . 3 0   k B  [ 2 2 m  [ 1 m  [ 2 2 m  [ 2 m   �� �   g z i p :     5 6 . 0 6   k B  [ 2 2 m  
  [ 2 m d i s t /  [ 2 2 m  [ 3 6 m a s s e t s / p u r i f y . e s - D r L D R N l j . j s                  [ 3 9 m  [ 1 m  [ 2 m       2 1 . 8 4   k B  [ 2 2 m  [ 1 m  [ 2 2 m  [ 2 m   �� �   g z i p :       8 . 6 5   k B  [ 2 2 m  
  [ 2 m d i s t /  [ 2 2 m  [ 3 6 m a s s e t s / i n d e x . e s - E 8 O r z A p V . j s                    [ 3 9 m  [ 1 m  [ 2 m     1 5 8 . 7 9   k B  [ 2 2 m  [ 1 m  [ 2 2 m  [ 2 m   �� �   g z i p :     5 3 . 0 2   k B  [ 2 2 m  
  [ 2 m d i s t /  [ 2 2 m  [ 3 6 m a s s e t s / h t m l 2 c a n v a s . e s m - G e 7 a V W l p . j s      [ 3 9 m  [ 1 m  [ 2 m     2 0 1 . 4 0   k B  [ 2 2 m  [ 1 m  [ 2 2 m  [ 2 m   �� �   g z i p :     4 7 . 4 8   k B  [ 2 2 m  
  [ 2 m d i s t /  [ 2 2 m  [ 3 6 m a s s e t s / i n d e x - B r v N r u B E . j s                          [ 3 9 m  [ 1 m  [ 3 3 m 5 , 3 0 1 . 3 9   k B  [ 3 9 m  [ 2 2 m  [ 2 m   �� �   g z i p :   8 8 7 . 4 2   k B  [ 2 2 m  
  [ 3 3 m  
 ( ! )   S o m e   c h u n k s   a r e    
 l a r g e r   t h a n   5 0 0   k B    
 a f t e r   m i n i f i c a t i o n .    
 C o n s i d e r :  
 -   U s i n g   d y n a m i c    
 i m p o r t ( )   t o   c o d e - s p l i t    
 t h e   a p p l i c a t i o n  
 -   U s e   b u i l d . r o l l u p O p t i o  
 n s . o u t p u t . m a n u a l C h u n k s    
 t o   i m p r o v e   c h u n k i n g :   h t  
 t p s : / / r o l l u p j s . o r g / c o n f  
 i g u r a t i o n - o p t i o n s / # o u t p  
 u t - m a n u a l c h u n k s  
 -   A d j u s t   c h u n k   s i z e    
 l i m i t   f o r   t h i s   w a r n i n g    
 v i a   b u i l d . c h u n k S i z e W a r n  
 i n g L i m i t .  [ 3 9 m  
  [ 3 2 m �� �   b u i l t   i n   2 5 . 5 6 s  [ 3 9 m  
  [ 3 1 m e r r o r   d u r i n g    
 b u i l d :  
 E r r o r :    
     C o n f i g u r e   " w o r k b o x . m a  
 x i m u m F i l e S i z e T o C a c h e I n B  
 y t e s "   t o   c h a n g e   t h e    
 l i m i t :   t h e   d e f a u l t    
 v a l u e   i s   2   M i B .  
     C h e c k   h t t p s : / / v i t e - p w  
 a - o r g . n e t l i f y . a p p / g u i d e  
 / f a q . h t m l # m i s s i n g - a s s e t  
 s - f r o m - s w - p r e c a c h e - m a n i  
 f e s t   f o r   m o r e    
 i n f o r m a t i o n .  
     A s s e t s   e x c e e d i n g   t h e    
 l i m i t :  
     -   a s s e t s / i n d e x - B r v N r u  
 B E . j s   i s   5 . 3   M B ,   a n d    
 w o n ' t   b e   p r e c a c h e d .  
  
         a t    
 l o g W o r k b o x R e s u l t   ( f i l e :  
 / / / C : / U s e r s / S A T Y A M % 2 0 K U  
 M A R / D o w n l o a d s / L i n e F r e e I  
 n d i a _ v 8 / n o d e _ m o d u l e s / v i  
 t e - p l u g i n - p w a / d i s t / c h u n  
 k - G 4 T A N 3 4 B . j s : 4 4 : 1 3 )  
         a t    
 g e n e r a t e S e r v i c e W o r k e r   (  
 f i l e : / / / C : / U s e r s / S A T Y A M  
 % 2 0 K U M A R / D o w n l o a d s / L i n e  
 F r e e I n d i a _ v 8 / n o d e _ m o d u l  
 e s / v i t e - p l u g i n - p w a / d i s t  
 / i n d e x . j s : 2 0 9 : 3 )  
         a t   a s y n c    
 _ g e n e r a t e S W   ( f i l e : / / / C :  
 / U s e r s / S A T Y A M % 2 0 K U M A R / D  
 o w n l o a d s / L i n e F r e e I n d i a _  
 v 8 / n o d e _ m o d u l e s / v i t e - p l  
 u g i n - p w a / d i s t / i n d e x . j s :  
 2 3 4 : 5 )  
         a t   a s y n c    
 O b j e c t . h a n d l e r   ( f i l e : / /  
 / C : / U s e r s / S A T Y A M % 2 0 K U M A  
 R / D o w n l o a d s / L i n e F r e e I n d  
 i a _ v 8 / n o d e _ m o d u l e s / v i t e  
 - p l u g i n - p w a / d i s t / i n d e x .  
 j s : 4 2 7 : 1 3 )  
         a t   a s y n c   P l u g i n D r i v  
 e r . h o o k P a r a l l e l   ( f i l e : /  
 / / C : / U s e r s / S A T Y A M % 2 0 K U M  
 A R / D o w n l o a d s / L i n e F r e e I n  
 d i a _ v 8 / n o d e _ m o d u l e s / r o l  
 l u p / d i s t / e s / s h a r e d / n o d e  
 - e n t r y . j s : 2 2 4 7 9 : 1 7 )  
         a t   a s y n c    
 O b j e c t . c l o s e   ( f i l e : / / / C  
 : / U s e r s / S A T Y A M % 2 0 K U M A R /  
 D o w n l o a d s / L i n e F r e e I n d i a  
 _ v 8 / n o d e _ m o d u l e s / r o l l u p  
 / d i s t / e s / s h a r e d / n o d e - e n  
 t r y . j s : 2 3 4 9 8 : 1 3 )  
         a t   a s y n c    
 b u i l d E n v i r o n m e n t   ( f i l e :  
 / / / C : / U s e r s / S A T Y A M % 2 0 K U  
 M A R / D o w n l o a d s / L i n e F r e e I  
 n d i a _ v 8 / n o d e _ m o d u l e s / v i  
 t e / d i s t / n o d e / c h u n k s / c o n  
 f i g . j s : 3 4 2 0 3 : 1 5 )  
         a t   a s y n c    
 O b j e c t . b u i l d   ( f i l e : / / / C  
 : / U s e r s / S A T Y A M % 2 0 K U M A R /  
 D o w n l o a d s / L i n e F r e e I n d i a  
 _ v 8 / n o d e _ m o d u l e s / v i t e / d  
 i s t / n o d e / c h u n k s / c o n f i g .  
 j s : 3 4 5 4 8 : 1 9 )  
         a t   a s y n c    
 O b j e c t . b u i l d A p p   ( f i l e : /  
 / / C : / U s e r s / S A T Y A M % 2 0 K U M  
 A R / D o w n l o a d s / L i n e F r e e I n  
 d i a _ v 8 / n o d e _ m o d u l e s / v i t  
 e / d i s t / n o d e / c h u n k s / c o n f  
 i g . j s : 3 4 5 4 5 : 1 5 3 )  
         a t   a s y n c    
 C A C . < a n o n y m o u s >   ( f i l e : /  
 / / C : / U s e r s / S A T Y A M % 2 0 K U M  
 A R / D o w n l o a d s / L i n e F r e e I n  
 d i a _ v 8 / n o d e _ m o d u l e s / v i t  
 e / d i s t / n o d e / c l i . j s : 6 2 9 :  
 3 )  [ 3 9 m  
 